// Jest Snapshot v1, https://goo.gl/fbAQLP

exports[`renders link 1`] = `
<div
  className="container__banner margin-auto width-420"
>
  <h2
    className="lobster"
  />
</div>
`;
